
// entity 0
{
"classname" "worldspawn"
"message" "Dance Dance Neverball\Story: As you finish the race, you stumble upon a dance platform.\\Tips: Syncronize yourself to the beat of this game's music.\At least one blue coin must be grabbed during dancing."
"song" "bgm/track3.ogg"
"back" "map-back/city.sol"
"grad" "back/city.png"
"goal" "10"
"time" "3000"
"time_hs" "2500"
"goal_hs" "2500"
"coin_hs" "40 20"
"shot" "shsot-csyc\DDN.png"
"levelname" "Dance Dance Neverball"
// brush 0
{
( 64 992 0 ) ( 0 992 0 ) ( 0 1024 32 ) mtrl/yellow 0 0 0 0.5 0.5 0 0 0
( 64 1024 80 ) ( 0 1024 80 ) ( 64 1024 -48 ) mtrl/yellow 0 0 0 0.5 0.5 0 0 0
( 64 1024 80 ) ( 64 1024 -48 ) ( 64 1008 80 ) mtrl/yellow 0 0 0 0.5 0.5 0 0 0
( 0 1008 0 ) ( 64 1008 0 ) ( 0 1024 0 ) mtrl/yellow 0 0 0 0.5 0.5 0 0 0
( 0 1008 -48 ) ( 0 1024 -48 ) ( 0 1008 80 ) mtrl/yellow 0 0 0 0.5 0.5 0 0 0
}
// brush 1
{
( 0 736 0 ) ( -64 736 0 ) ( -64 768 32 ) mtrl/yellow 0 0 0 0.5 0.5 0 0 0
( 0 768 80 ) ( -64 768 80 ) ( 0 768 -48 ) mtrl/yellow 0 0 0 0.5 0.5 0 0 0
( 0 768 80 ) ( 0 768 -48 ) ( 0 752 80 ) mtrl/yellow 0 0 0 0.5 0.5 0 0 0
( -64 752 0 ) ( 0 752 0 ) ( -64 768 0 ) mtrl/yellow 0 0 0 0.5 0.5 0 0 0
( -64 752 -48 ) ( -64 768 -48 ) ( -64 752 80 ) mtrl/yellow 0 0 0 0.5 0.5 0 0 0
}
// brush 2
{
( 64 416 0 ) ( 0 416 0 ) ( 0 448 32 ) mtrl/yellow 0 0 0 0.5 0.5 0 0 0
( 64 448 80 ) ( 0 448 80 ) ( 64 448 -48 ) mtrl/yellow 0 0 0 0.5 0.5 0 0 0
( 64 448 80 ) ( 64 448 -48 ) ( 64 432 80 ) mtrl/yellow 0 0 0 0.5 0.5 0 0 0
( 0 432 0 ) ( 64 432 0 ) ( 0 448 0 ) mtrl/yellow 0 0 0 0.5 0.5 0 0 0
( 0 432 -48 ) ( 0 448 -48 ) ( 0 432 80 ) mtrl/yellow 0 0 0 0.5 0.5 0 0 0
}
// brush 3
{
( 0 160 0 ) ( -64 160 0 ) ( -64 192 32 ) mtrl/yellow 0 0 0 0.5 0.5 0 0 0
( 0 192 80 ) ( -64 192 80 ) ( 0 192 -48 ) mtrl/yellow 0 0 0 0.5 0.5 0 0 0
( 0 192 80 ) ( 0 192 -48 ) ( 0 176 80 ) mtrl/yellow 0 0 0 0.5 0.5 0 0 0
( -64 176 0 ) ( 0 176 0 ) ( -64 192 0 ) mtrl/yellow 0 0 0 0.5 0.5 0 0 0
( -64 176 -48 ) ( -64 192 -48 ) ( -64 176 80 ) mtrl/yellow 0 0 0 0.5 0.5 0 0 0
}
// brush 4
{
( 80 1664 0 ) ( 80 1616 0 ) ( -80 1664 0 ) mtrl/turf-blue 0 32 0 0.5 0.5 0 0 0
( 80 1752 0 ) ( -80 1752 0 ) ( 80 1752 -16 ) mtrl/rail 0 0 0 0.5 0.5 0 0 0
( 72 1664 0 ) ( 72 1664 -16 ) ( 72 1616 0 ) mtrl/rail 0 0 0 0.5 0.5 0 0 0
( -80 1616 -16 ) ( 80 1616 -16 ) ( -80 1664 -16 ) mtrl/rail 0 0 0 0.5 0.5 0 0 0
( -80 1608 -16 ) ( -80 1608 0 ) ( 80 1608 -16 ) mtrl/rail 0 0 0 0.5 0.5 0 0 0
( -72 1616 -16 ) ( -72 1664 -16 ) ( -72 1616 0 ) mtrl/rail 0 0 0 0.5 0.5 0 0 0
}
// brush 5
{
( 200 1816 0 ) ( 200 1552 0 ) ( -72 1816 0 ) mtrl/edge 0 0 0 0.5 0.5 0 0 0
( -72 1552 -16 ) ( 200 1552 -16 ) ( -72 1816 -16 ) mtrl/invisible 0 0 0 0.5 0.5 0 0 0
( -72 1552 -16 ) ( -72 1816 -16 ) ( -72 1552 0 ) mtrl/invisible 0 0 0 0.5 0.5 0 0 0
( 200 1880 -64 ) ( 192 1872 -64 ) ( 200 1880 64 ) mtrl/invisible 0 0 0 0.5 0.5 0 0 0
( -64 1584 64 ) ( -64 1608 -64 ) ( -64 1584 -64 ) mtrl/invisible 0 0 0 0.5 0.5 0 0 0
( 192 1488 -64 ) ( 200 1480 -64 ) ( 192 1488 64 ) mtrl/invisible 0 0 0 0.5 0.5 0 0 0
}
// brush 6
{
( 136 1880 0 ) ( 136 1616 0 ) ( -136 1880 0 ) mtrl/edge 0 0 0 0.5 0.5 0 0 0
( -136 1616 -16 ) ( 136 1616 -16 ) ( -136 1880 -16 ) mtrl/invisible 0 0 0 0.5 0.5 0 0 0
( -136 1608 -16 ) ( -136 1608 0 ) ( 136 1608 -16 ) mtrl/invisible 0 0 0 0.5 0.5 0 0 0
( 64 1616 -64 ) ( 72 1608 -64 ) ( 64 1616 64 ) mtrl/invisible 0 0 0 0.5 0.5 0 0 0
( -104 1616 -64 ) ( -80 1616 -64 ) ( -104 1616 64 ) mtrl/invisible 0 0 0 0.5 0.5 0 0 0
( 208 1888 64 ) ( 200 1880 -64 ) ( 208 1888 -64 ) mtrl/invisible 0 0 0 0.5 0.5 0 0 0
}
// brush 7
{
( 72 1816 0 ) ( 72 1552 0 ) ( -200 1816 0 ) mtrl/edge 0 0 0 0.5 0.5 0 0 0
( 72 1816 0 ) ( 72 1816 -16 ) ( 72 1552 0 ) mtrl/invisible 0 0 0 0.5 0.5 0 0 0
( -200 1552 -16 ) ( 72 1552 -16 ) ( -200 1816 -16 ) mtrl/invisible 0 0 0 0.5 0.5 0 0 0
( 64 1576 -64 ) ( 64 1608 -64 ) ( 64 1576 64 ) mtrl/invisible 0 0 0 0.5 0.5 0 0 0
( 64 1616 64 ) ( 72 1608 -64 ) ( 64 1616 -64 ) mtrl/invisible 0 0 0 0.5 0.5 0 0 0
( 72 1752 64 ) ( 64 1744 -64 ) ( 72 1752 -64 ) mtrl/invisible 0 0 0 0.5 0.5 0 0 0
}
// brush 8
{
( 136 1752 0 ) ( 136 1488 0 ) ( -136 1752 0 ) mtrl/edge 0 0 0 0.5 0.5 0 0 0
( 136 1752 0 ) ( -136 1752 0 ) ( 136 1752 -16 ) mtrl/invisible 0 0 0 0.5 0.5 0 0 0
( -136 1488 -16 ) ( 136 1488 -16 ) ( -136 1752 -16 ) mtrl/invisible 0 0 0 0.5 0.5 0 0 0
( 72 1752 -64 ) ( 64 1744 -64 ) ( 72 1752 64 ) mtrl/invisible 0 0 0 0.5 0.5 0 0 0
( -128 1744 64 ) ( -72 1744 -64 ) ( -128 1744 -64 ) mtrl/invisible 0 0 0 0.5 0.5 0 0 0
( 192 1488 64 ) ( 200 1480 -64 ) ( 192 1488 -64 ) mtrl/invisible 0 0 0 0.5 0.5 0 0 0
}
// brush 9
{
( 64 1744 0 ) ( 64 1616 0 ) ( -64 1744 0 ) mtrl/goal 128 160 0 0.5 0.5 134217728 0 0
( 64 1744 0 ) ( -64 1744 0 ) ( 64 1744 -16 ) mtrl/invisible 128 128 0 0.5 0.0625 134217728 0 0
( 64 1744 0 ) ( 64 1744 -16 ) ( 64 1616 0 ) mtrl/invisible 224 128 0 0.5 0.0625 134217728 0 0
( -64 1616 -16 ) ( 64 1616 -16 ) ( -64 1744 -16 ) mtrl/invisible 128 32 0 0.5 0.5 134217728 0 0
( -64 1616 -16 ) ( -64 1616 0 ) ( 64 1616 -16 ) mtrl/invisible 128 128 0 0.5 0.0625 134217728 0 0
( -64 1616 -16 ) ( -64 1744 -16 ) ( -64 1616 0 ) mtrl/invisible 224 128 0 0.5 0.0625 134217728 0 0
}
}
// entity 1
{
"classname" "path_corner"
"origin" "192 0 -8"
"targetname" "dance1"
"speed" ".49"
"target" "dance2"
}
// entity 2
{
"classname" "path_corner"
"origin" "192 32 -8"
"targetname" "dance2"
"speed" ".01"
"target" "dance3"
}
// entity 3
{
"classname" "path_corner"
"origin" "192 64 -8"
"targetname" "dance3"
"target" "dance4"
"speed" ".49"
}
// entity 4
{
"classname" "path_corner"
"origin" "192 96 -8"
"targetname" "dance4"
"target" "dance5"
"speed" ".01"
}
// entity 5
{
"classname" "path_corner"
"origin" "192 128 -8"
"targetname" "dance5"
"target" "dance6"
"speed" ".49"
}
// entity 6
{
"classname" "path_corner"
"origin" "192 160 -8"
"targetname" "dance6"
"speed" ".01"
"target" "dance7"
}
// entity 7
{
"classname" "path_corner"
"origin" "192 192 -8"
"targetname" "dance7"
"target" "dance8"
"speed" ".49"
}
// entity 8
{
"classname" "path_corner"
"origin" "192 224 -8"
"targetname" "dance8"
"speed" ".01"
"target" "dance9"
}
// entity 9
{
"classname" "path_corner"
"origin" "192 256 -8"
"targetname" "dance9"
"target" "dance10"
"speed" ".49"
}
// entity 10
{
"classname" "path_corner"
"origin" "192 288 -8"
"targetname" "dance10"
"speed" ".01"
"target" "dance11"
}
// entity 11
{
"classname" "path_corner"
"origin" "192 320 -8"
"targetname" "dance11"
"target" "dance12"
"speed" ".49"
}
// entity 12
{
"classname" "path_corner"
"origin" "192 352 -8"
"targetname" "dance12"
"speed" ".01"
"target" "dance13"
}
// entity 13
{
"classname" "path_corner"
"origin" "192 384 -8"
"targetname" "dance13"
"target" "dance14"
"speed" ".49"
}
// entity 14
{
"classname" "path_corner"
"origin" "192 416 -8"
"targetname" "dance14"
"speed" ".01"
"target" "dance15"
}
// entity 15
{
"classname" "path_corner"
"origin" "192 448 -8"
"targetname" "dance15"
"target" "dance16"
"speed" ".49"
}
// entity 16
{
"classname" "path_corner"
"origin" "192 480 -8"
"targetname" "dance16"
"speed" ".01"
"target" "dance17"
}
// entity 17
{
"classname" "path_corner"
"origin" "192 512 -8"
"targetname" "dance17"
"target" "dance18"
"speed" ".49"
}
// entity 18
{
"classname" "path_corner"
"origin" "192 544 -8"
"targetname" "dance18"
"speed" ".01"
"target" "dance19"
}
// entity 19
{
"classname" "path_corner"
"origin" "192 576 -8"
"targetname" "dance19"
"target" "dance20"
"speed" ".49"
}
// entity 20
{
"classname" "path_corner"
"origin" "192 608 -8"
"targetname" "dance20"
"speed" ".01"
"target" "dance21"
}
// entity 21
{
"classname" "path_corner"
"origin" "192 640 -8"
"targetname" "dance21"
"target" "dance22"
"speed" ".49"
}
// entity 22
{
"classname" "path_corner"
"origin" "192 672 -8"
"targetname" "dance22"
"speed" ".01"
"target" "dance23"
}
// entity 23
{
"classname" "path_corner"
"origin" "192 704 -8"
"targetname" "dance23"
"target" "dance24"
"speed" ".49"
}
// entity 24
{
"classname" "path_corner"
"origin" "192 736 -8"
"targetname" "dance24"
"speed" ".01"
"target" "dance25"
}
// entity 25
{
"classname" "path_corner"
"origin" "192 768 -8"
"targetname" "dance25"
"target" "dance26"
"speed" ".49"
}
// entity 26
{
"classname" "path_corner"
"origin" "192 800 -8"
"targetname" "dance26"
"speed" ".01"
"target" "dance27"
}
// entity 27
{
"classname" "path_corner"
"origin" "192 832 -8"
"targetname" "dance27"
"target" "dance28"
"speed" ".49"
}
// entity 28
{
"classname" "path_corner"
"origin" "192 864 -8"
"targetname" "dance28"
"speed" ".01"
"target" "dance29"
}
// entity 29
{
"classname" "path_corner"
"origin" "192 896 -8"
"targetname" "dance29"
"target" "dance30"
"speed" ".49"
}
// entity 30
{
"classname" "path_corner"
"origin" "192 928 -8"
"targetname" "dance30"
"speed" ".01"
"target" "dance31"
}
// entity 31
{
"classname" "path_corner"
"origin" "192 960 -8"
"targetname" "dance31"
"target" "dance32"
"speed" ".49"
}
// entity 32
{
"classname" "path_corner"
"origin" "192 992 -8"
"targetname" "dance32"
"speed" ".01"
"target" "dance33"
}
// entity 33
{
"classname" "path_corner"
"origin" "192 1024 -8"
"targetname" "dance33"
"target" "dance34"
"speed" ".49"
}
// entity 34
{
"classname" "path_corner"
"origin" "192 1056 -8"
"targetname" "dance34"
"speed" ".01"
"target" "dance35"
}
// entity 35
{
"classname" "path_corner"
"origin" "192 1088 -8"
"targetname" "dance35"
"target" "dance36"
"speed" ".49"
}
// entity 36
{
"classname" "path_corner"
"origin" "192 1120 -8"
"targetname" "dance36"
"speed" ".01"
"target" "dance37"
}
// entity 37
{
"classname" "path_corner"
"origin" "192 1152 -8"
"targetname" "dance37"
"target" "dance38"
"speed" ".49"
}
// entity 38
{
"classname" "path_corner"
"origin" "192 1184 -8"
"targetname" "dance38"
"speed" ".01"
"target" "dance39"
}
// entity 39
{
"classname" "path_corner"
"origin" "192 1216 -8"
"targetname" "dance39"
"target" "dance40"
"speed" ".49"
}
// entity 40
{
"classname" "path_corner"
"origin" "192 1248 -8"
"targetname" "dance40"
"speed" ".01"
"target" "dance41"
}
// entity 41
{
"classname" "path_corner"
"origin" "192 1280 -8"
"targetname" "dance41"
"target" "dance42"
"speed" ".49"
}
// entity 42
{
"classname" "path_corner"
"origin" "192 1312 -8"
"targetname" "dance42"
"speed" ".01"
"target" "dance43"
}
// entity 43
{
"classname" "path_corner"
"origin" "192 1344 -8"
"targetname" "dance43"
"target" "dance44"
"speed" ".49"
}
// entity 44
{
"classname" "path_corner"
"origin" "192 1376 -8"
"targetname" "dance44"
"speed" ".01"
"target" "dance45"
}
// entity 45
{
"classname" "path_corner"
"origin" "192 1408 -8"
"targetname" "dance45"
"target" "dance46"
"speed" ".49"
}
// entity 46
{
"classname" "path_corner"
"origin" "192 1440 -8"
"targetname" "dance46"
"speed" ".01"
"target" "dance47"
}
// entity 47
{
"classname" "path_corner"
"origin" "192 1472 -8"
"targetname" "dance47"
"target" "dance48"
"speed" ".49"
}
// entity 48
{
"classname" "path_corner"
"origin" "192 1504 -8"
"targetname" "dance48"
"speed" "0.01"
"target" "dance49"
}
// entity 49
{
"classname" "light"
"origin" "32 1056 32"
"light" "10"
}
// entity 50
{
"classname" "light"
"origin" "-32 224 32"
"light" "10"
}
// entity 51
{
"classname" "light"
"origin" "32 480 32"
"light" "10"
}
// entity 52
{
"classname" "light"
"origin" "-32 800 32"
"light" "10"
}
// entity 53
{
"classname" "path_corner"
"origin" "192 1536 -8"
"targetname" "dance49"
}
// entity 54
{
"classname" "func_train"
"target" "dance1"
// brush 0
{
( 128 128 0 ) ( 128 -128 0 ) ( -128 128 0 ) mtrl/turf-orange-big 0 0 0 0.5 0.5 0 0 0
( 184 72 64 ) ( -72 72 64 ) ( 184 72 -64 ) mtrl/rail 0 0 0 0.5 0.5 0 0 0
( 72 184 64 ) ( 72 184 -64 ) ( 72 -72 64 ) mtrl/rail 0 0 0 0.5 0.5 0 0 0
( -128 -128 -16 ) ( 128 -128 -16 ) ( -128 128 -16 ) mtrl/rail 0 0 0 0.5 0.5 0 0 0
( -184 -72 -64 ) ( -184 -72 64 ) ( 72 -72 -64 ) mtrl/rail 0 0 0 0.5 0.5 0 0 0
( -72 -192 -64 ) ( -72 64 -64 ) ( -72 -192 64 ) mtrl/rail 0 0 0 0.5 0.5 0 0 0
}
// brush 1
{
( 200 136 0 ) ( 200 -128 0 ) ( -72 136 0 ) mtrl/edge 0 0 0 0.5 0.5 0 0 0
( -72 -128 -16 ) ( 200 -128 -16 ) ( -72 136 -16 ) mtrl/invisible 0 0 0 0.5 0.5 0 0 0
( -72 -128 -16 ) ( -72 136 -16 ) ( -72 -128 0 ) mtrl/invisible 0 0 0 0.5 0.5 0 0 0
( 200 200 -64 ) ( 192 192 -64 ) ( 200 200 64 ) mtrl/invisible 0 0 0 0.5 0.5 0 0 0
( -64 -96 64 ) ( -64 -72 -64 ) ( -64 -96 -64 ) mtrl/invisible 0 0 0 0.5 0.5 0 0 0
( 192 -192 -64 ) ( 200 -200 -64 ) ( 192 -192 64 ) mtrl/invisible 0 0 0 0.5 0.5 0 0 0
}
// brush 2
{
( 136 200 0 ) ( 136 -64 0 ) ( -136 200 0 ) mtrl/edge 0 0 0 0.5 0.5 0 0 0
( -136 -64 -16 ) ( 136 -64 -16 ) ( -136 200 -16 ) mtrl/invisible 0 0 0 0.5 0.5 0 0 0
( -136 -72 -16 ) ( -136 -72 0 ) ( 136 -72 -16 ) mtrl/invisible 0 0 0 0.5 0.5 0 0 0
( 64 -64 -64 ) ( 72 -72 -64 ) ( 64 -64 64 ) mtrl/invisible 0 0 0 0.5 0.5 0 0 0
( -104 -64 -64 ) ( -80 -64 -64 ) ( -104 -64 64 ) mtrl/invisible 0 0 0 0.5 0.5 0 0 0
( 208 208 64 ) ( 200 200 -64 ) ( 208 208 -64 ) mtrl/invisible 0 0 0 0.5 0.5 0 0 0
}
// brush 3
{
( 72 136 0 ) ( 72 -128 0 ) ( -200 136 0 ) mtrl/edge 0 0 0 0.5 0.5 0 0 0
( 72 136 0 ) ( 72 136 -16 ) ( 72 -128 0 ) mtrl/invisible 0 0 0 0.5 0.5 0 0 0
( -200 -128 -16 ) ( 72 -128 -16 ) ( -200 136 -16 ) mtrl/invisible 0 0 0 0.5 0.5 0 0 0
( 64 -104 -64 ) ( 64 -72 -64 ) ( 64 -104 64 ) mtrl/invisible 0 0 0 0.5 0.5 0 0 0
( 64 -64 64 ) ( 72 -72 -64 ) ( 64 -64 -64 ) mtrl/invisible 0 0 0 0.5 0.5 0 0 0
( 72 72 64 ) ( 64 64 -64 ) ( 72 72 -64 ) mtrl/invisible 0 0 0 0.5 0.5 0 0 0
}
// brush 4
{
( 136 72 0 ) ( 136 -192 0 ) ( -136 72 0 ) mtrl/edge 0 0 0 0.5 0.5 0 0 0
( 136 72 0 ) ( -136 72 0 ) ( 136 72 -16 ) mtrl/invisible 0 0 0 0.5 0.5 0 0 0
( -136 -192 -16 ) ( 136 -192 -16 ) ( -136 72 -16 ) mtrl/invisible 0 0 0 0.5 0.5 0 0 0
( 72 72 -64 ) ( 64 64 -64 ) ( 72 72 64 ) mtrl/invisible 0 0 0 0.5 0.5 0 0 0
( -128 64 64 ) ( -72 64 -64 ) ( -128 64 -64 ) mtrl/invisible 0 0 0 0.5 0.5 0 0 0
( 192 -192 64 ) ( 200 -200 -64 ) ( 192 -192 -64 ) mtrl/invisible 0 0 0 0.5 0.5 0 0 0
}
}
// entity 55
{
"classname" "info_player_start"
"origin" "0 0 24"
}
// entity 56
{
"classname" "info_player_deathmatch"
"origin" "0 1680 32"
}
// entity 57
{
"classname" "info_player_intermission"
"origin" "0 -128 32"
"target" "intermission"
}
// entity 58
{
"classname" "target_position"
"origin" "0 1680 32"
"targetname" "intermission"
}
