
// entity 0
{
"classname" "worldspawn"
// brush 0
{
( -16 -1280 0 ) ( -16 -1408 0 ) ( -144 -1280 0 ) mtrl/turf-green 0 0 0 0.5 0.5 0 0 0
( 0 -1280 64 ) ( -128 -1280 64 ) ( 0 -1280 -64 ) mtrl/invisible 0 0 0 0.5 0.5 0 0 0
( 0 -1280 64 ) ( 0 -1280 -64 ) ( 0 -1408 64 ) mtrl/rail 0 0 0 0.5 0.5 0 0 0
( -128 -1408 -16 ) ( 0 -1408 -16 ) ( -128 -1280 -16 ) mtrl/rail 0 0 0 0.5 0.5 0 0 0
( -128 -1408 -64 ) ( 0 -1408 64 ) ( 0 -1408 -64 ) mtrl/rail 0 0 0 0.5 0.5 0 0 0
( -128 -1408 -64 ) ( -128 -1280 -64 ) ( -128 -1408 64 ) mtrl/rail 0 0 0 0.5 0.5 0 0 0
}
}
// entity 1
{
"classname" "info_player_start"
"origin" "-64 -1344 24"
}
// entity 2
{
"classname" "info_player_intermission"
"origin" "-64 -1344 224"
"target" "goal"
}
// entity 3
{
"classname" "worldspawn"
// brush 0
{
( -16 -1152 0 ) ( -16 -1280 0 ) ( -144 -1152 0 ) mtrl/coin-green-small 0 0 0 0.5 0.5 0 0 0
( 0 -1152 64 ) ( -128 -1152 64 ) ( 0 -1152 -64 ) mtrl/invisible 0 0 0 0.5 0.5 0 0 0
( 0 -1152 64 ) ( 0 -1152 -64 ) ( 0 -1280 64 ) mtrl/invisible 0 0 0 0.5 0.5 0 0 0
( -128 -1280 -16 ) ( 0 -1280 -16 ) ( -128 -1152 -16 ) mtrl/rail 0 0 0 0.5 0.5 0 0 0
( -128 -1280 -64 ) ( 0 -1280 64 ) ( 0 -1280 -64 ) mtrl/invisible 0 0 0 0.5 0.5 0 0 0
( -128 -1280 -64 ) ( -128 -1152 -64 ) ( -128 -1280 64 ) mtrl/invisible 0 0 0 0.5 0.5 0 0 0
}
}
// entity 4
{
"classname" "light"
"origin" "-96 -1248 24"
"light" "1"
}
// entity 5
{
"classname" "light"
"origin" "-32 -1248 24"
"light" "1"
}
// entity 6
{
"classname" "light"
"origin" "-96 -1184 24"
"light" "1"
}
// entity 7
{
"classname" "light"
"origin" "-32 -1184 24"
"light" "1"
}
// entity 8
{
"classname" "worldspawn"
// brush 0
{
( -16 -896 0 ) ( -16 -1024 0 ) ( -144 -896 0 ) mtrl/coin-green-small 0 0 0 0.5 0.5 0 0 0
( 0 -896 64 ) ( -128 -896 64 ) ( 0 -896 -64 ) mtrl/invisible 0 0 0 0.5 0.5 0 0 0
( 0 -896 64 ) ( 0 -896 -64 ) ( 0 -1024 64 ) mtrl/invisible 0 0 0 0.5 0.5 0 0 0
( -128 -1024 -16 ) ( 0 -1024 -16 ) ( -128 -896 -16 ) mtrl/rail 0 0 0 0.5 0.5 0 0 0
( -128 -1024 -64 ) ( 0 -1024 64 ) ( 0 -1024 -64 ) mtrl/invisible 0 0 0 0.5 0.5 0 0 0
( -128 -1024 -64 ) ( -128 -896 -64 ) ( -128 -1024 64 ) mtrl/invisible 0 0 0 0.5 0.5 0 0 0
}
}
// entity 9
{
"classname" "light"
"origin" "-96 -992 24"
"light" "1"
}
// entity 10
{
"classname" "light"
"origin" "-32 -992 24"
"light" "1"
}
// entity 11
{
"classname" "light"
"origin" "-96 -928 24"
"light" "1"
}
// entity 12
{
"classname" "light"
"origin" "-32 -928 24"
"light" "1"
}
// entity 13
{
"classname" "worldspawn"
// brush 0
{
( -16 -1024 0 ) ( -16 -1152 0 ) ( -144 -1024 0 ) mtrl/coin-green-small 0 0 0 0.5 0.5 0 0 0
( 0 -1024 64 ) ( -128 -1024 64 ) ( 0 -1024 -64 ) mtrl/invisible 0 0 0 0.5 0.5 0 0 0
( 0 -1024 64 ) ( 0 -1024 -64 ) ( 0 -1152 64 ) mtrl/rail 0 0 0 0.5 0.5 0 0 0
( -128 -1152 -16 ) ( 0 -1152 -16 ) ( -128 -1024 -16 ) mtrl/rail 0 0 0 0.5 0.5 0 0 0
( -128 -1152 -64 ) ( 0 -1152 64 ) ( 0 -1152 -64 ) mtrl/invisible 0 0 0 0.5 0.5 0 0 0
( -128 -1152 -64 ) ( -128 -1024 -64 ) ( -128 -1152 64 ) mtrl/rail 0 0 0 0.5 0.5 0 0 0
}
}
// entity 14
{
"classname" "light"
"origin" "-96 -1120 24"
"light" "1"
}
// entity 15
{
"classname" "light"
"origin" "-32 -1120 24"
"light" "1"
}
// entity 16
{
"classname" "light"
"origin" "-96 -1056 24"
"light" "1"
}
// entity 17
{
"classname" "light"
"origin" "-32 -1056 24"
"light" "1"
}
// entity 18
{
"classname" "worldspawn"
// brush 0
{
( 112 -1152 0 ) ( 112 -1280 0 ) ( -16 -1152 0 ) mtrl/coin-green-small 0 0 0 0.5 0.5 0 0 0
( 128 -1152 64 ) ( 0 -1152 64 ) ( 128 -1152 -64 ) mtrl/rail 0 0 0 0.5 0.5 0 0 0
( 0 -1280 -16 ) ( 128 -1280 -16 ) ( 0 -1152 -16 ) mtrl/rail 0 0 0 0.5 0.5 0 0 0
( 0 -1280 -64 ) ( 128 -1280 64 ) ( 128 -1280 -64 ) mtrl/rail 0 0 0 0.5 0.5 0 0 0
( 0 -1280 -64 ) ( 0 -1152 -64 ) ( 0 -1280 64 ) mtrl/rail 0 0 0 0.5 0.5 0 0 0
( 1280 -1152 64 ) ( 1280 -1152 -64 ) ( 1280 -1280 64 ) mtrl/rail 0 0 0 0.5 0.5 0 0 0
}
}
// entity 19
{
"classname" "light"
"origin" "32 -1248 24"
"light" "1"
}
// entity 20
{
"classname" "light"
"origin" "96 -1248 24"
"light" "1"
}
// entity 21
{
"classname" "light"
"origin" "32 -1184 24"
"light" "1"
}
// entity 22
{
"classname" "light"
"origin" "96 -1184 24"
"light" "1"
}
// entity 23
{
"classname" "worldspawn"
}
// entity 24
{
"classname" "light"
"origin" "160 -1248 24"
"light" "1"
}
// entity 25
{
"classname" "light"
"origin" "224 -1248 24"
"light" "1"
}
// entity 26
{
"classname" "light"
"origin" "160 -1184 24"
"light" "1"
}
// entity 27
{
"classname" "light"
"origin" "224 -1184 24"
"light" "1"
}
// entity 28
{
"classname" "worldspawn"
}
// entity 29
{
"classname" "light"
"origin" "288 -1248 24"
"light" "1"
}
// entity 30
{
"classname" "light"
"origin" "352 -1248 24"
"light" "1"
}
// entity 31
{
"classname" "light"
"origin" "288 -1184 24"
"light" "1"
}
// entity 32
{
"classname" "light"
"origin" "352 -1184 24"
"light" "1"
}
// entity 33
{
"classname" "worldspawn"
}
// entity 34
{
"classname" "light"
"origin" "416 -1248 24"
"light" "1"
}
// entity 35
{
"classname" "light"
"origin" "480 -1248 24"
"light" "1"
}
// entity 36
{
"classname" "light"
"origin" "416 -1184 24"
"light" "1"
}
// entity 37
{
"classname" "light"
"origin" "480 -1184 24"
"light" "1"
}
// entity 38
{
"classname" "worldspawn"
}
// entity 39
{
"classname" "light"
"origin" "544 -1248 24"
"light" "1"
}
// entity 40
{
"classname" "light"
"origin" "608 -1248 24"
"light" "1"
}
// entity 41
{
"classname" "light"
"origin" "544 -1184 24"
"light" "1"
}
// entity 42
{
"classname" "light"
"origin" "608 -1184 24"
"light" "1"
}
// entity 43
{
"classname" "worldspawn"
}
// entity 44
{
"classname" "light"
"origin" "672 -1248 24"
"light" "1"
}
// entity 45
{
"classname" "light"
"origin" "736 -1248 24"
"light" "1"
}
// entity 46
{
"classname" "light"
"origin" "672 -1184 24"
"light" "1"
}
// entity 47
{
"classname" "light"
"origin" "736 -1184 24"
"light" "1"
}
// entity 48
{
"classname" "worldspawn"
}
// entity 49
{
"classname" "light"
"origin" "800 -1248 24"
"light" "1"
}
// entity 50
{
"classname" "light"
"origin" "864 -1248 24"
"light" "1"
}
// entity 51
{
"classname" "light"
"origin" "800 -1184 24"
"light" "1"
}
// entity 52
{
"classname" "light"
"origin" "864 -1184 24"
"light" "1"
}
// entity 53
{
"classname" "worldspawn"
}
// entity 54
{
"classname" "light"
"origin" "928 -1248 24"
"light" "1"
}
// entity 55
{
"classname" "light"
"origin" "992 -1248 24"
"light" "1"
}
// entity 56
{
"classname" "light"
"origin" "928 -1184 24"
"light" "1"
}
// entity 57
{
"classname" "light"
"origin" "992 -1184 24"
"light" "1"
}
// entity 58
{
"classname" "worldspawn"
}
// entity 59
{
"classname" "light"
"origin" "1056 -1248 24"
"light" "1"
}
// entity 60
{
"classname" "light"
"origin" "1120 -1248 24"
"light" "1"
}
// entity 61
{
"classname" "light"
"origin" "1056 -1184 24"
"light" "1"
}
// entity 62
{
"classname" "light"
"origin" "1120 -1184 24"
"light" "1"
}
// entity 63
{
"classname" "worldspawn"
}
// entity 64
{
"classname" "light"
"origin" "1184 -1248 24"
"light" "1"
}
// entity 65
{
"classname" "light"
"origin" "1248 -1248 24"
"light" "1"
}
// entity 66
{
"classname" "light"
"origin" "1184 -1184 24"
"light" "1"
}
// entity 67
{
"classname" "light"
"origin" "1248 -1184 24"
"light" "1"
}
// entity 68
{
"classname" "worldspawn"
}
// entity 69
{
"classname" "light"
"origin" "1184 -992 24"
"light" "1"
}
// entity 70
{
"classname" "light"
"origin" "1248 -992 24"
"light" "1"
}
// entity 71
{
"classname" "light"
"origin" "1184 -928 24"
"light" "1"
}
// entity 72
{
"classname" "light"
"origin" "1248 -928 24"
"light" "1"
}
// entity 73
{
"classname" "worldspawn"
}
// entity 74
{
"classname" "light"
"origin" "1056 -992 24"
"light" "1"
}
// entity 75
{
"classname" "light"
"origin" "1120 -992 24"
"light" "1"
}
// entity 76
{
"classname" "light"
"origin" "1056 -928 24"
"light" "1"
}
// entity 77
{
"classname" "light"
"origin" "1120 -928 24"
"light" "1"
}
// entity 78
{
"classname" "worldspawn"
}
// entity 79
{
"classname" "light"
"origin" "928 -992 24"
"light" "1"
}
// entity 80
{
"classname" "light"
"origin" "992 -992 24"
"light" "1"
}
// entity 81
{
"classname" "light"
"origin" "928 -928 24"
"light" "1"
}
// entity 82
{
"classname" "light"
"origin" "992 -928 24"
"light" "1"
}
// entity 83
{
"classname" "worldspawn"
}
// entity 84
{
"classname" "light"
"origin" "800 -992 24"
"light" "1"
}
// entity 85
{
"classname" "light"
"origin" "864 -992 24"
"light" "1"
}
// entity 86
{
"classname" "light"
"origin" "800 -928 24"
"light" "1"
}
// entity 87
{
"classname" "light"
"origin" "864 -928 24"
"light" "1"
}
// entity 88
{
"classname" "worldspawn"
}
// entity 89
{
"classname" "light"
"origin" "672 -992 24"
"light" "1"
}
// entity 90
{
"classname" "light"
"origin" "736 -992 24"
"light" "1"
}
// entity 91
{
"classname" "light"
"origin" "672 -928 24"
"light" "1"
}
// entity 92
{
"classname" "light"
"origin" "736 -928 24"
"light" "1"
}
// entity 93
{
"classname" "worldspawn"
}
// entity 94
{
"classname" "light"
"origin" "544 -992 24"
"light" "1"
}
// entity 95
{
"classname" "light"
"origin" "608 -992 24"
"light" "1"
}
// entity 96
{
"classname" "light"
"origin" "544 -928 24"
"light" "1"
}
// entity 97
{
"classname" "light"
"origin" "608 -928 24"
"light" "1"
}
// entity 98
{
"classname" "worldspawn"
}
// entity 99
{
"classname" "light"
"origin" "416 -992 24"
"light" "1"
}
// entity 100
{
"classname" "light"
"origin" "480 -992 24"
"light" "1"
}
// entity 101
{
"classname" "light"
"origin" "416 -928 24"
"light" "1"
}
// entity 102
{
"classname" "light"
"origin" "480 -928 24"
"light" "1"
}
// entity 103
{
"classname" "worldspawn"
}
// entity 104
{
"classname" "light"
"origin" "288 -992 24"
"light" "1"
}
// entity 105
{
"classname" "light"
"origin" "352 -992 24"
"light" "1"
}
// entity 106
{
"classname" "light"
"origin" "288 -928 24"
"light" "1"
}
// entity 107
{
"classname" "light"
"origin" "352 -928 24"
"light" "1"
}
// entity 108
{
"classname" "worldspawn"
}
// entity 109
{
"classname" "light"
"origin" "160 -992 24"
"light" "1"
}
// entity 110
{
"classname" "light"
"origin" "224 -992 24"
"light" "1"
}
// entity 111
{
"classname" "light"
"origin" "160 -928 24"
"light" "1"
}
// entity 112
{
"classname" "light"
"origin" "224 -928 24"
"light" "1"
}
// entity 113
{
"classname" "worldspawn"
// brush 0
{
( 1264 -896 0 ) ( 1264 -1024 0 ) ( 1136 -896 0 ) mtrl/coin-green-small 0 0 0 0.5 0.5 0 0 0
( 1280 -896 64 ) ( 1152 -896 64 ) ( 1280 -896 -64 ) mtrl/rail 0 0 0 0.5 0.5 0 0 0
( 1280 -896 64 ) ( 1280 -896 -64 ) ( 1280 -1024 64 ) mtrl/rail 0 0 0 0.5 0.5 0 0 0
( 1152 -1024 -16 ) ( 1280 -1024 -16 ) ( 1152 -896 -16 ) mtrl/rail 0 0 0 0.5 0.5 0 0 0
( 1152 -1024 -64 ) ( 1280 -1024 64 ) ( 1280 -1024 -64 ) mtrl/rail 0 0 0 0.5 0.5 0 0 0
( 0 -1024 -64 ) ( 0 -896 -64 ) ( 0 -1024 64 ) mtrl/rail 0 0 0 0.5 0.5 0 0 0
}
}
// entity 114
{
"classname" "light"
"origin" "32 -992 24"
"light" "1"
}
// entity 115
{
"classname" "light"
"origin" "96 -992 24"
"light" "1"
}
// entity 116
{
"classname" "light"
"origin" "32 -928 24"
"light" "1"
}
// entity 117
{
"classname" "light"
"origin" "96 -928 24"
"light" "1"
}
// entity 118
{
"classname" "worldspawn"
}
// entity 119
{
"classname" "light"
"origin" "-224 -1248 24"
"light" "1"
}
// entity 120
{
"classname" "light"
"origin" "-160 -1248 24"
"light" "1"
}
// entity 121
{
"classname" "light"
"origin" "-224 -1184 24"
"light" "1"
}
// entity 122
{
"classname" "light"
"origin" "-160 -1184 24"
"light" "1"
}
// entity 123
{
"classname" "worldspawn"
}
// entity 124
{
"classname" "light"
"origin" "-352 -1248 24"
"light" "1"
}
// entity 125
{
"classname" "light"
"origin" "-288 -1248 24"
"light" "1"
}
// entity 126
{
"classname" "light"
"origin" "-352 -1184 24"
"light" "1"
}
// entity 127
{
"classname" "light"
"origin" "-288 -1184 24"
"light" "1"
}
// entity 128
{
"classname" "worldspawn"
}
// entity 129
{
"classname" "light"
"origin" "-480 -1248 24"
"light" "1"
}
// entity 130
{
"classname" "light"
"origin" "-416 -1248 24"
"light" "1"
}
// entity 131
{
"classname" "light"
"origin" "-480 -1184 24"
"light" "1"
}
// entity 132
{
"classname" "light"
"origin" "-416 -1184 24"
"light" "1"
}
// entity 133
{
"classname" "worldspawn"
}
// entity 134
{
"classname" "light"
"origin" "-608 -1248 24"
"light" "1"
}
// entity 135
{
"classname" "light"
"origin" "-544 -1248 24"
"light" "1"
}
// entity 136
{
"classname" "light"
"origin" "-608 -1184 24"
"light" "1"
}
// entity 137
{
"classname" "light"
"origin" "-544 -1184 24"
"light" "1"
}
// entity 138
{
"classname" "worldspawn"
}
// entity 139
{
"classname" "light"
"origin" "-736 -1248 24"
"light" "1"
}
// entity 140
{
"classname" "light"
"origin" "-672 -1248 24"
"light" "1"
}
// entity 141
{
"classname" "light"
"origin" "-736 -1184 24"
"light" "1"
}
// entity 142
{
"classname" "light"
"origin" "-672 -1184 24"
"light" "1"
}
// entity 143
{
"classname" "worldspawn"
}
// entity 144
{
"classname" "light"
"origin" "-864 -1248 24"
"light" "1"
}
// entity 145
{
"classname" "light"
"origin" "-800 -1248 24"
"light" "1"
}
// entity 146
{
"classname" "light"
"origin" "-864 -1184 24"
"light" "1"
}
// entity 147
{
"classname" "light"
"origin" "-800 -1184 24"
"light" "1"
}
// entity 148
{
"classname" "worldspawn"
}
// entity 149
{
"classname" "light"
"origin" "-992 -1248 24"
"light" "1"
}
// entity 150
{
"classname" "light"
"origin" "-928 -1248 24"
"light" "1"
}
// entity 151
{
"classname" "light"
"origin" "-992 -1184 24"
"light" "1"
}
// entity 152
{
"classname" "light"
"origin" "-928 -1184 24"
"light" "1"
}
// entity 153
{
"classname" "worldspawn"
}
// entity 154
{
"classname" "light"
"origin" "-1120 -1248 24"
"light" "1"
}
// entity 155
{
"classname" "light"
"origin" "-1056 -1248 24"
"light" "1"
}
// entity 156
{
"classname" "light"
"origin" "-1120 -1184 24"
"light" "1"
}
// entity 157
{
"classname" "light"
"origin" "-1056 -1184 24"
"light" "1"
}
// entity 158
{
"classname" "worldspawn"
}
// entity 159
{
"classname" "light"
"origin" "-1248 -1248 24"
"light" "1"
}
// entity 160
{
"classname" "light"
"origin" "-1184 -1248 24"
"light" "1"
}
// entity 161
{
"classname" "light"
"origin" "-1248 -1184 24"
"light" "1"
}
// entity 162
{
"classname" "light"
"origin" "-1184 -1184 24"
"light" "1"
}
// entity 163
{
"classname" "worldspawn"
// brush 0
{
( -144 -1152 0 ) ( -144 -1280 0 ) ( -272 -1152 0 ) mtrl/coin-green-small 0 0 0 0.5 0.5 0 0 0
( -128 -1152 64 ) ( -256 -1152 64 ) ( -128 -1152 -64 ) mtrl/rail 0 0 0 0.5 0.5 0 0 0
( -128 -1152 64 ) ( -128 -1152 -64 ) ( -128 -1280 64 ) mtrl/invisible 0 0 0 0.5 0.5 0 0 0
( -256 -1280 -16 ) ( -128 -1280 -16 ) ( -256 -1152 -16 ) mtrl/rail 0 0 0 0.5 0.5 0 0 0
( -256 -1280 -64 ) ( -128 -1280 64 ) ( -128 -1280 -64 ) mtrl/rail 0 0 0 0.5 0.5 0 0 0
( -1408 -1280 -64 ) ( -1408 -1152 -64 ) ( -1408 -1280 64 ) mtrl/rail 0 0 0 0.5 0.5 0 0 0
}
}
// entity 164
{
"classname" "light"
"origin" "-1376 -1248 24"
"light" "1"
}
// entity 165
{
"classname" "light"
"origin" "-1312 -1248 24"
"light" "1"
}
// entity 166
{
"classname" "light"
"origin" "-1376 -1184 24"
"light" "1"
}
// entity 167
{
"classname" "light"
"origin" "-1312 -1184 24"
"light" "1"
}
// entity 168
{
"classname" "worldspawn"
// brush 0
{
( -1296 -768 0 ) ( -1296 -896 0 ) ( -1424 -768 0 ) mtrl/coin-green-small 0 0 0 0.5 0.5 0 0 0
( -1280 -768 64 ) ( -1408 -768 64 ) ( -1280 -768 -64 ) mtrl/rail 0 0 0 0.5 0.5 0 0 0
( -1408 -896 -16 ) ( -1280 -896 -16 ) ( -1408 -768 -16 ) mtrl/rail 0 0 0 0.5 0.5 0 0 0
( -1408 -896 -64 ) ( -1280 -896 64 ) ( -1280 -896 -64 ) mtrl/invisible 0 0 0 0.5 0.5 0 0 0
( -1408 -896 -64 ) ( -1408 -768 -64 ) ( -1408 -896 64 ) mtrl/rail 0 0 0 0.5 0.5 0 0 0
( -1152 -768 64 ) ( -1152 -768 -64 ) ( -1152 -896 64 ) mtrl/rail 0 0 0 0.5 0.5 0 0 0
}
}
// entity 169
{
"classname" "light"
"origin" "-1376 -864 24"
"light" "1"
}
// entity 170
{
"classname" "light"
"origin" "-1312 -864 24"
"light" "1"
}
// entity 171
{
"classname" "light"
"origin" "-1376 -800 24"
"light" "1"
}
// entity 172
{
"classname" "light"
"origin" "-1312 -800 24"
"light" "1"
}
// entity 173
{
"classname" "worldspawn"
// brush 0
{
( -1296 -896 0 ) ( -1296 -1024 0 ) ( -1424 -896 0 ) mtrl/coin-green-small 0 0 0 0.5 0.5 0 0 0
( -1280 -896 64 ) ( -1408 -896 64 ) ( -1280 -896 -64 ) mtrl/invisible 0 0 0 0.5 0.5 0 0 0
( -1408 -1024 -16 ) ( -1280 -1024 -16 ) ( -1408 -896 -16 ) mtrl/rail 0 0 0 0.5 0.5 0 0 0
( -1408 -1024 -64 ) ( -1280 -1024 64 ) ( -1280 -1024 -64 ) mtrl/rail 0 0 0 0.5 0.5 0 0 0
( -1408 -1024 -64 ) ( -1408 -896 -64 ) ( -1408 -1024 64 ) mtrl/rail 0 0 0 0.5 0.5 0 0 0
( -1152 -896 64 ) ( -1152 -896 -64 ) ( -1152 -1024 64 ) mtrl/invisible 0 0 0 0.5 0.5 0 0 0
}
}
// entity 174
{
"classname" "light"
"origin" "-1376 -992 24"
"light" "1"
}
// entity 175
{
"classname" "light"
"origin" "-1312 -992 24"
"light" "1"
}
// entity 176
{
"classname" "light"
"origin" "-1376 -928 24"
"light" "1"
}
// entity 177
{
"classname" "light"
"origin" "-1312 -928 24"
"light" "1"
}
// entity 178
{
"classname" "worldspawn"
}
// entity 179
{
"classname" "light"
"origin" "-1248 -992 24"
"light" "1"
}
// entity 180
{
"classname" "light"
"origin" "-1184 -992 24"
"light" "1"
}
// entity 181
{
"classname" "light"
"origin" "-1248 -928 24"
"light" "1"
}
// entity 182
{
"classname" "light"
"origin" "-1184 -928 24"
"light" "1"
}
// entity 183
{
"classname" "worldspawn"
}
// entity 184
{
"classname" "light"
"origin" "-1248 -864 24"
"light" "1"
}
// entity 185
{
"classname" "light"
"origin" "-1184 -864 24"
"light" "1"
}
// entity 186
{
"classname" "light"
"origin" "-1248 -800 24"
"light" "1"
}
// entity 187
{
"classname" "light"
"origin" "-1184 -800 24"
"light" "1"
}
// entity 188
{
"classname" "worldspawn"
// brush 0
{
( -1040 -896 0 ) ( -1040 -1024 0 ) ( -1168 -896 0 ) mtrl/coin-green-small 0 0 0 0.5 0.5 0 0 0
( -1024 -896 64 ) ( -1152 -896 64 ) ( -1024 -896 -64 ) mtrl/rail 0 0 0 0.5 0.5 0 0 0
( -1152 -1024 -16 ) ( -1024 -1024 -16 ) ( -1152 -896 -16 ) mtrl/rail 0 0 0 0.5 0.5 0 0 0
( -1152 -1024 -64 ) ( -1024 -1024 64 ) ( -1024 -1024 -64 ) mtrl/rail 0 0 0 0.5 0.5 0 0 0
( -1152 -1024 -64 ) ( -1152 -896 -64 ) ( -1152 -1024 64 ) mtrl/rail 0 0 0 0.5 0.5 0 0 0
( -128 -896 64 ) ( -128 -896 -64 ) ( -128 -1024 64 ) mtrl/invisible 0 0 0 0.5 0.5 0 0 0
}
}
// entity 189
{
"classname" "light"
"origin" "-1120 -992 24"
"light" "1"
}
// entity 190
{
"classname" "light"
"origin" "-1056 -992 24"
"light" "1"
}
// entity 191
{
"classname" "light"
"origin" "-1120 -928 24"
"light" "1"
}
// entity 192
{
"classname" "light"
"origin" "-1056 -928 24"
"light" "1"
}
// entity 193
{
"classname" "worldspawn"
}
// entity 194
{
"classname" "light"
"origin" "-992 -992 24"
"light" "1"
}
// entity 195
{
"classname" "light"
"origin" "-928 -992 24"
"light" "1"
}
// entity 196
{
"classname" "light"
"origin" "-992 -928 24"
"light" "1"
}
// entity 197
{
"classname" "light"
"origin" "-928 -928 24"
"light" "1"
}
// entity 198
{
"classname" "worldspawn"
}
// entity 199
{
"classname" "light"
"origin" "-864 -992 24"
"light" "1"
}
// entity 200
{
"classname" "light"
"origin" "-800 -992 24"
"light" "1"
}
// entity 201
{
"classname" "light"
"origin" "-864 -928 24"
"light" "1"
}
// entity 202
{
"classname" "light"
"origin" "-800 -928 24"
"light" "1"
}
// entity 203
{
"classname" "worldspawn"
}
// entity 204
{
"classname" "light"
"origin" "-736 -992 24"
"light" "1"
}
// entity 205
{
"classname" "light"
"origin" "-672 -992 24"
"light" "1"
}
// entity 206
{
"classname" "light"
"origin" "-736 -928 24"
"light" "1"
}
// entity 207
{
"classname" "light"
"origin" "-672 -928 24"
"light" "1"
}
// entity 208
{
"classname" "worldspawn"
}
// entity 209
{
"classname" "light"
"origin" "-608 -992 24"
"light" "1"
}
// entity 210
{
"classname" "light"
"origin" "-544 -992 24"
"light" "1"
}
// entity 211
{
"classname" "light"
"origin" "-608 -928 24"
"light" "1"
}
// entity 212
{
"classname" "light"
"origin" "-544 -928 24"
"light" "1"
}
// entity 213
{
"classname" "worldspawn"
}
// entity 214
{
"classname" "light"
"origin" "-480 -992 24"
"light" "1"
}
// entity 215
{
"classname" "light"
"origin" "-416 -992 24"
"light" "1"
}
// entity 216
{
"classname" "light"
"origin" "-480 -928 24"
"light" "1"
}
// entity 217
{
"classname" "light"
"origin" "-416 -928 24"
"light" "1"
}
// entity 218
{
"classname" "worldspawn"
}
// entity 219
{
"classname" "light"
"origin" "-352 -992 24"
"light" "1"
}
// entity 220
{
"classname" "light"
"origin" "-288 -992 24"
"light" "1"
}
// entity 221
{
"classname" "light"
"origin" "-352 -928 24"
"light" "1"
}
// entity 222
{
"classname" "light"
"origin" "-288 -928 24"
"light" "1"
}
// entity 223
{
"classname" "worldspawn"
}
// entity 224
{
"classname" "light"
"origin" "-224 -992 24"
"light" "1"
}
// entity 225
{
"classname" "light"
"origin" "-160 -992 24"
"light" "1"
}
// entity 226
{
"classname" "light"
"origin" "-224 -928 24"
"light" "1"
}
// entity 227
{
"classname" "light"
"origin" "-160 -928 24"
"light" "1"
}
// entity 228
{
"classname" "worldspawn"
// brush 0
{
( -128 -832 16 ) ( 0 -832 16 ) ( 0 -896 0 ) mtrl/coin-green-small 0 0 0 0.5 0.5 0 0 0
( 0 -768 64 ) ( 0 -768 -64 ) ( 0 -896 64 ) mtrl/rail 0 0 0 0.5 0.5 0 0 0
( -128 -896 -16 ) ( 0 -896 -16 ) ( -128 -768 -16 ) mtrl/rail 0 0 0 0.5 0.5 0 0 0
( -128 -896 -64 ) ( -128 -896 64 ) ( 0 -896 -64 ) mtrl/invisible 0 0 0 0.5 0.5 0 0 0
( -128 -896 -64 ) ( -128 -768 -64 ) ( -128 -896 64 ) mtrl/rail 0 0 0 0.5 0.5 0 0 0
( 0 -832 16 ) ( -128 -832 16 ) ( 0 -768 0 ) mtrl/coin-green-small 0 0 0 0.5 0.5 0 0 0
( 0 -768 64 ) ( -128 -768 64 ) ( 0 -768 -64 ) mtrl/invisible 0 0 0 0.5 0.5 0 0 0
}
}
// entity 229
{
"classname" "light"
"origin" "-96 -864 32"
"light" "1"
}
// entity 230
{
"classname" "light"
"origin" "-32 -864 32"
"light" "1"
}
// entity 231
{
"classname" "light"
"origin" "-96 -800 32"
"light" "1"
}
// entity 232
{
"classname" "light"
"origin" "-32 -800 32"
"light" "1"
}
// entity 233
{
"classname" "worldspawn"
// brush 0
{
( -128 -576 16 ) ( 0 -576 16 ) ( 0 -640 0 ) mtrl/coin-green-small 0 0 0 0.5 0.5 0 0 0
( 0 -512 64 ) ( 0 -512 -64 ) ( 0 -640 64 ) mtrl/rail 0 0 0 0.5 0.5 0 0 0
( -128 -640 -16 ) ( 0 -640 -16 ) ( -128 -512 -16 ) mtrl/rail 0 0 0 0.5 0.5 0 0 0
( -128 -640 -64 ) ( -128 -640 64 ) ( 0 -640 -64 ) mtrl/invisible 0 0 0 0.5 0.5 0 0 0
( -128 -640 -64 ) ( -128 -512 -64 ) ( -128 -640 64 ) mtrl/rail 0 0 0 0.5 0.5 0 0 0
( 0 -576 16 ) ( -128 -576 16 ) ( 0 -512 0 ) mtrl/coin-green-small 0 0 0 0.5 0.5 0 0 0
( 0 -512 64 ) ( -128 -512 64 ) ( 0 -512 -64 ) mtrl/invisible 0 0 0 0.5 0.5 0 0 0
}
}
// entity 234
{
"classname" "light"
"origin" "-96 -608 32"
"light" "1"
}
// entity 235
{
"classname" "light"
"origin" "-32 -608 32"
"light" "1"
}
// entity 236
{
"classname" "light"
"origin" "-96 -544 32"
"light" "1"
}
// entity 237
{
"classname" "light"
"origin" "-32 -544 32"
"light" "1"
}
// entity 238
{
"classname" "worldspawn"
// brush 0
{
( -16 -640 0 ) ( -16 -768 0 ) ( -144 -640 0 ) mtrl/coin-green-small 0 0 0 0.5 0.5 0 0 0
( 0 -640 64 ) ( -128 -640 64 ) ( 0 -640 -64 ) mtrl/invisible 0 0 0 0.5 0.5 0 0 0
( 0 -640 64 ) ( 0 -640 -64 ) ( 0 -768 64 ) mtrl/rail 0 0 0 0.5 0.5 0 0 0
( -128 -768 -16 ) ( 0 -768 -16 ) ( -128 -640 -16 ) mtrl/rail 0 0 0 0.5 0.5 0 0 0
( -128 -768 -64 ) ( 0 -768 64 ) ( 0 -768 -64 ) mtrl/invisible 0 0 0 0.5 0.5 0 0 0
( -128 -768 -64 ) ( -128 -640 -64 ) ( -128 -768 64 ) mtrl/rail 0 0 0 0.5 0.5 0 0 0
}
}
// entity 239
{
"classname" "light"
"origin" "-96 -736 24"
"light" "1"
}
// entity 240
{
"classname" "light"
"origin" "-32 -736 24"
"light" "1"
}
// entity 241
{
"classname" "light"
"origin" "-96 -672 24"
"light" "1"
}
// entity 242
{
"classname" "light"
"origin" "-32 -672 24"
"light" "1"
}
// entity 243
{
"classname" "worldspawn"
// brush 0
{
( -16 -384 0 ) ( -16 -512 0 ) ( -144 -384 0 ) mtrl/coin-green-small 0 0 0 0.5 0.5 0 0 0
( 0 -384 64 ) ( -128 -384 64 ) ( 0 -384 -64 ) mtrl/invisible 0 0 0 0.5 0.5 0 0 0
( 0 -384 64 ) ( 0 -384 -64 ) ( 0 -512 64 ) mtrl/rail 0 0 0 0.5 0.5 0 0 0
( -128 -512 -16 ) ( 0 -512 -16 ) ( -128 -384 -16 ) mtrl/rail 0 0 0 0.5 0.5 0 0 0
( -128 -512 -64 ) ( 0 -512 64 ) ( 0 -512 -64 ) mtrl/invisible 0 0 0 0.5 0.5 0 0 0
( -128 -512 -64 ) ( -128 -384 -64 ) ( -128 -512 64 ) mtrl/rail 0 0 0 0.5 0.5 0 0 0
}
}
// entity 244
{
"classname" "light"
"origin" "-96 -480 24"
"light" "1"
}
// entity 245
{
"classname" "light"
"origin" "-32 -480 24"
"light" "1"
}
// entity 246
{
"classname" "light"
"origin" "-96 -416 24"
"light" "1"
}
// entity 247
{
"classname" "light"
"origin" "-32 -416 24"
"light" "1"
}
// entity 248
{
"classname" "worldspawn"
// brush 0
{
( -128 -320 16 ) ( 0 -320 16 ) ( 0 -384 0 ) mtrl/coin-green-small 0 0 0 0.5 0.5 0 0 0
( 0 -256 64 ) ( 0 -256 -64 ) ( 0 -384 64 ) mtrl/rail 0 0 0 0.5 0.5 0 0 0
( -128 -384 -16 ) ( 0 -384 -16 ) ( -128 -256 -16 ) mtrl/rail 0 0 0 0.5 0.5 0 0 0
( -128 -384 -64 ) ( -128 -384 64 ) ( 0 -384 -64 ) mtrl/invisible 0 0 0 0.5 0.5 0 0 0
( -128 -384 -64 ) ( -128 -256 -64 ) ( -128 -384 64 ) mtrl/rail 0 0 0 0.5 0.5 0 0 0
( 0 -320 16 ) ( -128 -320 16 ) ( 0 -256 0 ) mtrl/coin-green-small 0 0 0 0.5 0.5 0 0 0
( 0 -256 64 ) ( -128 -256 64 ) ( 0 -256 -64 ) mtrl/invisible 0 0 0 0.5 0.5 0 0 0
}
}
// entity 249
{
"classname" "light"
"origin" "-96 -352 32"
"light" "1"
}
// entity 250
{
"classname" "light"
"origin" "-32 -352 32"
"light" "1"
}
// entity 251
{
"classname" "light"
"origin" "-96 -288 32"
"light" "1"
}
// entity 252
{
"classname" "light"
"origin" "-32 -288 32"
"light" "1"
}
// entity 253
{
"classname" "worldspawn"
// brush 0
{
( -16 -128 0 ) ( -16 -256 0 ) ( -144 -128 0 ) mtrl/turf-green 0 0 0 0.5 0.5 0 0 0
( 0 -128 64 ) ( -128 -128 64 ) ( 0 -128 -64 ) mtrl/rail 0 0 0 0.5 0.5 0 0 0
( 0 -128 64 ) ( 0 -128 -64 ) ( 0 -256 64 ) mtrl/rail 0 0 0 0.5 0.5 0 0 0
( -128 -256 -16 ) ( 0 -256 -16 ) ( -128 -128 -16 ) mtrl/rail 0 0 0 0.5 0.5 0 0 0
( -128 -256 -64 ) ( 0 -256 64 ) ( 0 -256 -64 ) mtrl/invisible 0 0 0 0.5 0.5 0 0 0
( -128 -256 -64 ) ( -128 -128 -64 ) ( -128 -256 64 ) mtrl/rail 0 0 0 0.5 0.5 0 0 0
}
// brush 1
{
( -16 -128 1 ) ( -16 -256 1 ) ( -144 -128 1 ) mtrl/goal 0 0 0 0.5 0.5 134217728 0 0
( 0 -128 80 ) ( -128 -128 80 ) ( 0 -128 -48 ) mtrl/invisible 0 0 0 0.5 0.5 134217728 0 0
( 0 -128 80 ) ( 0 -128 -48 ) ( 0 -256 80 ) mtrl/invisible 0 0 0 0.5 0.5 134217728 0 0
( -128 -256 0 ) ( 0 -256 0 ) ( -128 -128 0 ) mtrl/invisible 0 0 0 0.5 0.5 134217728 0 0
( -128 -256 -48 ) ( 0 -256 79 ) ( 0 -256 -48 ) mtrl/invisible 0 0 0 0.5 0.5 134217728 0 0
( -128 -256 -48 ) ( -128 -128 -49 ) ( -128 -256 80 ) mtrl/invisible 0 0 0 0.5 0.5 134217728 0 0
}
}
// entity 254
{
"classname" "info_player_deathmatch"
"origin" "-64 -192 24"
}
// entity 255
{
"classname" "target_position"
"origin" "-64 -192 128"
"targetname" "goal"
}
// entity 256
{
"classname" "worldspawn"
"message" "Road Bumps\Careful, the road isn't that smooth."
"time" "10225"
"goal" "50"
"back" "map-back/city.sol"
"grad" "back/city.png"
"song" "bgm/track3.ogg"
"shot" "shot-csyc/RoadBumps.png"
"author" "Challenge Space Yard"
"levelname" "Road Bumps"
"version" "1"
}
